******************************************************************************
                  TI ARM Linker Unix v20.2.7                   
******************************************************************************
>> Linked Thu Oct 17 22:01:47 2024

OUTPUT FILE NAME:   <project4.out>
ENTRY POINT SYMBOL: "_c_int00_noargs"  address: 000007cd


MEMORY CONFIGURATION

         name            origin    length      used     unused   attr    fill
----------------------  --------  ---------  --------  --------  ----  --------
  FLASH                 00000000   00040000  00000844  0003f7bc  R  X
  SRAM                  20000000   00008000  00000202  00007dfe  RW X


SEGMENT ALLOCATION MAP

run origin  load origin   length   init length attrs members
----------  ----------- ---------- ----------- ----- -------
00000000    00000000    00000848   00000848    r-x
  00000000    00000000    0000026c   0000026c    r-- .intvecs
  0000026c    0000026c    000005c0   000005c0    r-x .text
  00000830    00000830    00000018   00000018    r-- .cinit
20000000    20000000    00000202   00000000    rw-
  20000000    20000000    00000200   00000000    rw- .stack
  20000200    20000200    00000002   00000000    rw- .data


SECTION ALLOCATION MAP

 output                                  attributes/
section   page    origin      length       input sections
--------  ----  ----------  ----------   ----------------
.intvecs   0    00000000    0000026c     
                  00000000    0000026c     tm4c123gh6pm_startup_ccs.obj (.intvecs)

.text      0    0000026c    000005c0     
                  0000026c    00000416     pwm_with_general_purpose_timer.obj (.text)
                  00000682    0000009c     rtsv7M4_T_le_v4SPD16_eabi.lib : memcpy_t2.asm.obj (.text)
                  0000071e    00000068                                   : copy_decompress_lzss.c.obj (.text:decompress:lzss:__TI_decompress_lzss)
                  00000786    00000002     --HOLE-- [fill = 0]
                  00000788    00000044                                   : autoinit.c.obj (.text:__TI_auto_init_nobinit_nopinit:__TI_auto_init_nobinit_nopinit)
                  000007cc    00000034                                   : boot_cortex_m.c.obj (.text:_c_int00_noargs:_c_int00_noargs)
                  00000800    0000000e                                   : copy_decompress_none.c.obj (.text:decompress:none:__TI_decompress_none)
                  0000080e    0000000c     tm4c123gh6pm_startup_ccs.obj (.text)
                  0000081a    0000000a     pwm_with_general_purpose_timer_wrapper.obj (.text)
                  00000824    00000004     rtsv7M4_T_le_v4SPD16_eabi.lib : pre_init.c.obj (.text:_system_pre_init)
                  00000828    00000004                                   : exit.c.obj (.text:abort:abort)

.cinit     0    00000830    00000018     
                  00000830    00000008     (__TI_handler_table)
                  00000838    00000006     (.cinit..data.load) [load image, compression = lzss]
                  0000083e    00000002     --HOLE-- [fill = 0]
                  00000840    00000008     (__TI_cinit_table)

.init_array 
*          0    00000000    00000000     UNINITIALIZED

.data      0    20000200    00000002     UNINITIALIZED
                  20000200    00000002     pwm_with_general_purpose_timer.obj (.data)

.stack     0    20000000    00000200     UNINITIALIZED
                  20000000    00000004     rtsv7M4_T_le_v4SPD16_eabi.lib : boot_cortex_m.c.obj (.stack)
                  20000004    000001fc     --HOLE--

__llvm_prf_cnts 
*          0    20000000    00000000     UNINITIALIZED

MODULE SUMMARY

       Module                                       code   ro data   rw data
       ------                                       ----   -------   -------
    ./
       pwm_with_general_purpose_timer.obj           1046   0         2      
       tm4c123gh6pm_startup_ccs.obj                 12     620       0      
       pwm_with_general_purpose_timer_wrapper.obj   10     0         0      
    +--+--------------------------------------------+------+---------+---------+
       Total:                                       1068   620       2      
                                                                            
    /Applications/ti/ccs1260/ccs/tools/compiler/ti-cgt-arm_20.2.7.LTS/lib/rtsv7M4_T_le_v4SPD16_eabi.lib
       memcpy_t2.asm.obj                            156    0         0      
       copy_decompress_lzss.c.obj                   104    0         0      
       autoinit.c.obj                               68     0         0      
       boot_cortex_m.c.obj                          52     0         0      
       copy_decompress_none.c.obj                   14     0         0      
       exit.c.obj                                   4      0         0      
       pre_init.c.obj                               4      0         0      
    +--+--------------------------------------------+------+---------+---------+
       Total:                                       402    0         0      
                                                                            
       Stack:                                       0      0         512    
       Linker Generated:                            0      22        0      
    +--+--------------------------------------------+------+---------+---------+
       Grand Total:                                 1470   642       514    


LINKER GENERATED COPY TABLES

__TI_cinit_table @ 00000840 records: 1, size/record: 8, table size: 8
	.data: load addr=00000838, load size=00000006 bytes, run addr=20000200, run size=00000002 bytes, compression=lzss


LINKER GENERATED HANDLER TABLE

__TI_handler_table @ 00000830 records: 2, size/record: 4, table size: 8
	index: 0, handler: __TI_decompress_lzss
	index: 1, handler: __TI_decompress_none


GLOBAL SYMBOLS: SORTED ALPHABETICALLY BY Name 

address   name                          
-------   ----                          
00000829  C$$EXIT                       
0000080f  ResetISR                      
00000419  Timer0A_Handler               
20000200  __STACK_END                   
00000200  __STACK_SIZE                  
20000200  __STACK_TOP                   
00000840  __TI_CINIT_Base               
00000848  __TI_CINIT_Limit              
00000830  __TI_Handler_Table_Base       
00000838  __TI_Handler_Table_Limit      
00000789  __TI_auto_init_nobinit_nopinit
0000071f  __TI_decompress_lzss          
00000801  __TI_decompress_none          
ffffffff  __TI_pprof_out_hndl           
ffffffff  __TI_prof_data_size           
ffffffff  __TI_prof_data_start          
00000000  __TI_static_base__            
00000683  __aeabi_memcpy                
00000683  __aeabi_memcpy4               
00000683  __aeabi_memcpy8               
ffffffff  __binit__                     
ffffffff  __c_args__                    
UNDEFED   __mpu_init                    
20000000  __stack                       
20000000  __start___llvm_prf_cnts       
20000000  __stop___llvm_prf_cnts        
000007cd  _c_int00_noargs               
UNDEFED   _system_post_cinit            
00000825  _system_pre_init              
00000829  abort                         
ffffffff  binit                         
00000000  g_pfnVectors                  
0000081b  main                          
00000683  memcpy                        
00000271  pwm_project                   


GLOBAL SYMBOLS: SORTED BY Symbol Address 

address   name                          
-------   ----                          
00000000  __TI_static_base__            
00000000  g_pfnVectors                  
00000200  __STACK_SIZE                  
00000271  pwm_project                   
00000419  Timer0A_Handler               
00000683  __aeabi_memcpy                
00000683  __aeabi_memcpy4               
00000683  __aeabi_memcpy8               
00000683  memcpy                        
0000071f  __TI_decompress_lzss          
00000789  __TI_auto_init_nobinit_nopinit
000007cd  _c_int00_noargs               
00000801  __TI_decompress_none          
0000080f  ResetISR                      
0000081b  main                          
00000825  _system_pre_init              
00000829  C$$EXIT                       
00000829  abort                         
00000830  __TI_Handler_Table_Base       
00000838  __TI_Handler_Table_Limit      
00000840  __TI_CINIT_Base               
00000848  __TI_CINIT_Limit              
20000000  __stack                       
20000000  __start___llvm_prf_cnts       
20000000  __stop___llvm_prf_cnts        
20000200  __STACK_END                   
20000200  __STACK_TOP                   
ffffffff  __TI_pprof_out_hndl           
ffffffff  __TI_prof_data_size           
ffffffff  __TI_prof_data_start          
ffffffff  __binit__                     
ffffffff  __c_args__                    
ffffffff  binit                         
UNDEFED   __mpu_init                    
UNDEFED   _system_post_cinit            

[35 symbols]
