******************************************************************************
                  TI ARM Linker Unix v20.2.7                   
******************************************************************************
>> Linked Wed Oct 23 11:06:05 2024

OUTPUT FILE NAME:   <project4wGENERATOR.out>
ENTRY POINT SYMBOL: "_c_int00_noargs"  address: 00000cb5


MEMORY CONFIGURATION

         name            origin    length      used     unused   attr    fill
----------------------  --------  ---------  --------  --------  ----  --------
  FLASH                 00000000   00040000  00000f70  0003f090  R  X
  SRAM                  20000000   00008000  00000582  00007a7e  RW X


SEGMENT ALLOCATION MAP

run origin  load origin   length   init length attrs members
----------  ----------- ---------- ----------- ----- -------
00000000    00000000    00000f74   00000f74    r-x
  00000000    00000000    0000026c   0000026c    r-- .intvecs
  0000026c    0000026c    00000aa8   00000aa8    r-x .text
  00000d18    00000d18    0000025c   0000025c    r-- .cinit
20000000    20000000    00000588   00000000    rw-
  20000000    20000000    00000382   00000000    rw- .data
  20000388    20000388    00000200   00000000    rw- .stack


SECTION ALLOCATION MAP

 output                                  attributes/
section   page    origin      length       input sections
--------  ----  ----------  ----------   ----------------
.intvecs   0    00000000    0000026c     
                  00000000    0000026c     tm4c123gh6pm_startup_ccs.obj (.intvecs)

.text      0    0000026c    00000aa8     
                  0000026c    00000518     pwm_with_pwm_generator_library.obj (.text)
                  00000784    000003e8     pwm_with_pwm_generator.obj (.text)
                  00000b6c    0000009c     rtsv7M4_T_le_v4SPD16_eabi.lib : memcpy_t2.asm.obj (.text)
                  00000c08    00000068                                   : copy_decompress_lzss.c.obj (.text:decompress:lzss:__TI_decompress_lzss)
                  00000c70    00000044                                   : autoinit.c.obj (.text:__TI_auto_init_nobinit_nopinit:__TI_auto_init_nobinit_nopinit)
                  00000cb4    00000034                                   : boot_cortex_m.c.obj (.text:_c_int00_noargs:_c_int00_noargs)
                  00000ce8    0000000e                                   : copy_decompress_none.c.obj (.text:decompress:none:__TI_decompress_none)
                  00000cf6    0000000c     tm4c123gh6pm_startup_ccs.obj (.text)
                  00000d02    0000000a     pwm_with_pwm_generator_wrapper.obj (.text)
                  00000d0c    00000004     rtsv7M4_T_le_v4SPD16_eabi.lib : pre_init.c.obj (.text:_system_pre_init)
                  00000d10    00000004                                   : exit.c.obj (.text:abort:abort)

.cinit     0    00000d18    0000025c     
                  00000d18    0000024c     (.cinit..data.load) [load image, compression = lzss]
                  00000f64    00000008     (__TI_handler_table)
                  00000f6c    00000008     (__TI_cinit_table)

.init_array 
*          0    00000000    00000000     UNINITIALIZED

.data      0    20000000    00000382     UNINITIALIZED
                  20000000    00000382     pwm_with_pwm_generator.obj (.data)

.stack     0    20000388    00000200     UNINITIALIZED
                  20000388    00000004     rtsv7M4_T_le_v4SPD16_eabi.lib : boot_cortex_m.c.obj (.stack)
                  2000038c    000001fc     --HOLE--

__llvm_prf_cnts 
*          0    20000000    00000000     UNINITIALIZED

MODULE SUMMARY

       Module                               code   ro data   rw data
       ------                               ----   -------   -------
    ./
       pwm_with_pwm_generator.obj           1000   0         898    
       pwm_with_pwm_generator_library.obj   1304   0         0      
       tm4c123gh6pm_startup_ccs.obj         12     620       0      
       pwm_with_pwm_generator_wrapper.obj   10     0         0      
    +--+------------------------------------+------+---------+---------+
       Total:                               2326   620       898    
                                                                    
    /Applications/ti/ccs1260/ccs/tools/compiler/ti-cgt-arm_20.2.7.LTS/lib/rtsv7M4_T_le_v4SPD16_eabi.lib
       memcpy_t2.asm.obj                    156    0         0      
       copy_decompress_lzss.c.obj           104    0         0      
       autoinit.c.obj                       68     0         0      
       boot_cortex_m.c.obj                  52     0         0      
       copy_decompress_none.c.obj           14     0         0      
       exit.c.obj                           4      0         0      
       pre_init.c.obj                       4      0         0      
    +--+------------------------------------+------+---------+---------+
       Total:                               402    0         0      
                                                                    
       Stack:                               0      0         512    
       Linker Generated:                    0      604       0      
    +--+------------------------------------+------+---------+---------+
       Grand Total:                         2728   1224      1410   


LINKER GENERATED COPY TABLES

__TI_cinit_table @ 00000f6c records: 1, size/record: 8, table size: 8
	.data: load addr=00000d18, load size=0000024c bytes, run addr=20000000, run size=00000382 bytes, compression=lzss


LINKER GENERATED HANDLER TABLE

__TI_handler_table @ 00000f64 records: 2, size/record: 4, table size: 8
	index: 0, handler: __TI_decompress_lzss
	index: 1, handler: __TI_decompress_none


GLOBAL SYMBOLS: SORTED ALPHABETICALLY BY Name 

address   name                          
-------   ----                          
00000d11  C$$EXIT                       
000003fd  RGB_LED_init                  
00000cf7  ResetISR                      
00000a9d  Timer0A_Handler               
00000ac5  UART0_Handler                 
20000588  __STACK_END                   
00000200  __STACK_SIZE                  
20000588  __STACK_TOP                   
00000f6c  __TI_CINIT_Base               
00000f74  __TI_CINIT_Limit              
00000f64  __TI_Handler_Table_Base       
00000f6c  __TI_Handler_Table_Limit      
00000c71  __TI_auto_init_nobinit_nopinit
00000c09  __TI_decompress_lzss          
00000ce9  __TI_decompress_none          
ffffffff  __TI_pprof_out_hndl           
ffffffff  __TI_prof_data_size           
ffffffff  __TI_prof_data_start          
00000000  __TI_static_base__            
00000b6d  __aeabi_memcpy                
00000b6d  __aeabi_memcpy4               
00000b6d  __aeabi_memcpy8               
ffffffff  __binit__                     
ffffffff  __c_args__                    
UNDEFED   __mpu_init                    
20000388  __stack                       
20000000  __start___llvm_prf_cnts       
20000000  __stop___llvm_prf_cnts        
00000cb5  _c_int00_noargs               
UNDEFED   _system_post_cinit            
00000d0d  _system_pre_init              
00000d11  abort                         
ffffffff  binit                         
00000000  g_pfnVectors                  
00000d03  main                          
00000b6d  memcpy                        
00000597  nops                          
0000061d  output_string                 
0000026d  pwm_RGB_LED_init              
000007c1  pwm_project                   
00000437  pwm_timer_interrupt_init      
000004e9  uart_init                     
000004b7  uart_interrupt_init           


GLOBAL SYMBOLS: SORTED BY Symbol Address 

address   name                          
-------   ----                          
00000000  __TI_static_base__            
00000000  g_pfnVectors                  
00000200  __STACK_SIZE                  
0000026d  pwm_RGB_LED_init              
000003fd  RGB_LED_init                  
00000437  pwm_timer_interrupt_init      
000004b7  uart_interrupt_init           
000004e9  uart_init                     
00000597  nops                          
0000061d  output_string                 
000007c1  pwm_project                   
00000a9d  Timer0A_Handler               
00000ac5  UART0_Handler                 
00000b6d  __aeabi_memcpy                
00000b6d  __aeabi_memcpy4               
00000b6d  __aeabi_memcpy8               
00000b6d  memcpy                        
00000c09  __TI_decompress_lzss          
00000c71  __TI_auto_init_nobinit_nopinit
00000cb5  _c_int00_noargs               
00000ce9  __TI_decompress_none          
00000cf7  ResetISR                      
00000d03  main                          
00000d0d  _system_pre_init              
00000d11  C$$EXIT                       
00000d11  abort                         
00000f64  __TI_Handler_Table_Base       
00000f6c  __TI_CINIT_Base               
00000f6c  __TI_Handler_Table_Limit      
00000f74  __TI_CINIT_Limit              
20000000  __start___llvm_prf_cnts       
20000000  __stop___llvm_prf_cnts        
20000388  __stack                       
20000588  __STACK_END                   
20000588  __STACK_TOP                   
ffffffff  __TI_pprof_out_hndl           
ffffffff  __TI_prof_data_size           
ffffffff  __TI_prof_data_start          
ffffffff  __binit__                     
ffffffff  __c_args__                    
ffffffff  binit                         
UNDEFED   __mpu_init                    
UNDEFED   _system_post_cinit            

[43 symbols]
