******************************************************************************
                  TI ARM Linker Unix v20.2.7                   
******************************************************************************
>> Linked Wed Oct 16 11:15:07 2024

OUTPUT FILE NAME:   <project3.out>
ENTRY POINT SYMBOL: "_c_int00_noargs"  address: 000006bd


MEMORY CONFIGURATION

         name            origin    length      used     unused   attr    fill
----------------------  --------  ---------  --------  --------  ----  --------
  FLASH                 00000000   00040000  0000073a  0003f8c6  R  X
  SRAM                  20000000   00008000  00000a00  00007600  RW X


SEGMENT ALLOCATION MAP

run origin  load origin   length   init length attrs members
----------  ----------- ---------- ----------- ----- -------
00000000    00000000    00000740   00000740    r-x
  00000000    00000000    0000026c   0000026c    r-- .intvecs
  0000026c    0000026c    000004a6   000004a6    r-x .text
  00000718    00000718    00000028   00000028    r-- .cinit
20000000    20000000    00000a00   00000000    rw-
  20000000    20000000    00000800   00000000    rw- .data
  20000800    20000800    00000200   00000000    rw- .stack


SECTION ALLOCATION MAP

 output                                  attributes/
section   page    origin      length       input sections
--------  ----  ----------  ----------   ----------------
.intvecs   0    00000000    0000026c     
                  00000000    0000026c     tm4c123gh6pm_startup_ccs.obj (.intvecs)

.text      0    0000026c    000004a6     
                  0000026c    0000012e     dma.obj (.text)
                  0000039a    00000002     --HOLE-- [fill = 0]
                  0000039c    0000011c     dma_wrapper.obj (.text)
                  000004b8    000000ba     dma_library.obj (.text)
                  00000572    0000009c     rtsv7M4_T_le_v4SPD16_eabi.lib : memcpy_t2.asm.obj (.text)
                  0000060e    00000068                                   : copy_decompress_lzss.c.obj (.text:decompress:lzss:__TI_decompress_lzss)
                  00000676    00000002     --HOLE-- [fill = 0]
                  00000678    00000044                                   : autoinit.c.obj (.text:__TI_auto_init_nobinit_nopinit:__TI_auto_init_nobinit_nopinit)
                  000006bc    00000034                                   : boot_cortex_m.c.obj (.text:_c_int00_noargs:_c_int00_noargs)
                  000006f0    0000000e                                   : copy_decompress_none.c.obj (.text:decompress:none:__TI_decompress_none)
                  000006fe    0000000c     tm4c123gh6pm_startup_ccs.obj (.text)
                  0000070a    00000004     rtsv7M4_T_le_v4SPD16_eabi.lib : pre_init.c.obj (.text:_system_pre_init)
                  0000070e    00000004                                   : exit.c.obj (.text:abort:abort)

.cinit     0    00000718    00000028     
                  00000718    00000017     (.cinit..data.load) [load image, compression = lzss]
                  0000072f    00000001     --HOLE-- [fill = 0]
                  00000730    00000008     (__TI_handler_table)
                  00000738    00000008     (__TI_cinit_table)

.init_array 
*          0    00000000    00000000     UNINITIALIZED

.data      0    20000000    00000800     UNINITIALIZED
                  20000000    00000800     dma.obj (.data)

.stack     0    20000800    00000200     UNINITIALIZED
                  20000800    00000004     rtsv7M4_T_le_v4SPD16_eabi.lib : boot_cortex_m.c.obj (.stack)
                  20000804    000001fc     --HOLE--

__llvm_prf_cnts 
*          0    20000000    00000000     UNINITIALIZED

MODULE SUMMARY

       Module                         code   ro data   rw data
       ------                         ----   -------   -------
    ./
       dma.obj                        302    0         2048   
       tm4c123gh6pm_startup_ccs.obj   12     620       0      
       dma_wrapper.obj                284    0         0      
       dma_library.obj                186    0         0      
    +--+------------------------------+------+---------+---------+
       Total:                         784    620       2048   
                                                              
    /Applications/ti/ccs1260/ccs/tools/compiler/ti-cgt-arm_20.2.7.LTS/lib/rtsv7M4_T_le_v4SPD16_eabi.lib
       memcpy_t2.asm.obj              156    0         0      
       copy_decompress_lzss.c.obj     104    0         0      
       autoinit.c.obj                 68     0         0      
       boot_cortex_m.c.obj            52     0         0      
       copy_decompress_none.c.obj     14     0         0      
       exit.c.obj                     4      0         0      
       pre_init.c.obj                 4      0         0      
    +--+------------------------------+------+---------+---------+
       Total:                         402    0         0      
                                                              
       Stack:                         0      0         512    
       Linker Generated:              0      39        0      
    +--+------------------------------+------+---------+---------+
       Grand Total:                   1186   659       2560   


LINKER GENERATED COPY TABLES

__TI_cinit_table @ 00000738 records: 1, size/record: 8, table size: 8
	.data: load addr=00000718, load size=00000017 bytes, run addr=20000000, run size=00000800 bytes, compression=lzss


LINKER GENERATED HANDLER TABLE

__TI_handler_table @ 00000730 records: 2, size/record: 4, table size: 8
	index: 0, handler: __TI_decompress_lzss
	index: 1, handler: __TI_decompress_none


GLOBAL SYMBOLS: SORTED ALPHABETICALLY BY Name 

address   name                          
-------   ----                          
0000070f  C$$EXIT                       
000006ff  ResetISR                      
00000351  Timer0A_Handler               
20000a00  __STACK_END                   
00000200  __STACK_SIZE                  
20000a00  __STACK_TOP                   
00000738  __TI_CINIT_Base               
00000740  __TI_CINIT_Limit              
00000730  __TI_Handler_Table_Base       
00000738  __TI_Handler_Table_Limit      
00000679  __TI_auto_init_nobinit_nopinit
0000060f  __TI_decompress_lzss          
000006f1  __TI_decompress_none          
ffffffff  __TI_pprof_out_hndl           
ffffffff  __TI_prof_data_size           
ffffffff  __TI_prof_data_start          
00000000  __TI_static_base__            
00000573  __aeabi_memcpy                
00000573  __aeabi_memcpy4               
00000573  __aeabi_memcpy8               
ffffffff  __binit__                     
ffffffff  __c_args__                    
UNDEFED   __mpu_init                    
20000800  __stack                       
20000000  __start___llvm_prf_cnts       
20000000  __stop___llvm_prf_cnts        
000006bd  _c_int00_noargs               
UNDEFED   _system_post_cinit            
0000070b  _system_pre_init              
0000070f  abort                         
ffffffff  binit                         
0000027d  dma                           
00000539  dma_RGB_init                  
20000400  dma_channel_control           
000003df  dma_set_channel_ctrl          
0000043f  dma_set_channel_peripheral    
000003a7  dma_set_src_dest              
00000000  g_pfnVectors                  
0000039d  main                          
00000573  memcpy                        
20000000  source_data                   
2000000f  source_data_end               
000004b9  timer_interrupt_init          


GLOBAL SYMBOLS: SORTED BY Symbol Address 

address   name                          
-------   ----                          
00000000  __TI_static_base__            
00000000  g_pfnVectors                  
00000200  __STACK_SIZE                  
0000027d  dma                           
00000351  Timer0A_Handler               
0000039d  main                          
000003a7  dma_set_src_dest              
000003df  dma_set_channel_ctrl          
0000043f  dma_set_channel_peripheral    
000004b9  timer_interrupt_init          
00000539  dma_RGB_init                  
00000573  __aeabi_memcpy                
00000573  __aeabi_memcpy4               
00000573  __aeabi_memcpy8               
00000573  memcpy                        
0000060f  __TI_decompress_lzss          
00000679  __TI_auto_init_nobinit_nopinit
000006bd  _c_int00_noargs               
000006f1  __TI_decompress_none          
000006ff  ResetISR                      
0000070b  _system_pre_init              
0000070f  C$$EXIT                       
0000070f  abort                         
00000730  __TI_Handler_Table_Base       
00000738  __TI_CINIT_Base               
00000738  __TI_Handler_Table_Limit      
00000740  __TI_CINIT_Limit              
20000000  __start___llvm_prf_cnts       
20000000  __stop___llvm_prf_cnts        
20000000  source_data                   
2000000f  source_data_end               
20000400  dma_channel_control           
20000800  __stack                       
20000a00  __STACK_END                   
20000a00  __STACK_TOP                   
ffffffff  __TI_pprof_out_hndl           
ffffffff  __TI_prof_data_size           
ffffffff  __TI_prof_data_start          
ffffffff  __binit__                     
ffffffff  __c_args__                    
ffffffff  binit                         
UNDEFED   __mpu_init                    
UNDEFED   _system_post_cinit            

[43 symbols]
